❯ Fetching release-please-config.json from branch integration/v1.62-candidate
❯ Fetching .release-please-manifest.json from branch integration/v1.62-candidate
✔ Building pull requests
✔ Building strategies by path
❯ accrue: elixir
❯ accrue_admin: elixir
❯ accrue_portal: elixir
✔ Collecting release commit SHAs
❯ release search depth: 400
❯ Fetching releases with cursor undefined
❯ Found release for path accrue_portal, accrue_portal-v1.5.1
❯ Found release for path accrue_admin, accrue_admin-v1.5.1
❯ Found release for path accrue, accrue-v1.5.1
❯ release for path: accrue_portal, version: 1.5.1, sha: d30fc25dbf6ba551792c66ff451b4b93c0af4bf1
❯ release for path: accrue_admin, version: 1.5.1, sha: d30fc25dbf6ba551792c66ff451b4b93c0af4bf1
❯ release for path: accrue, version: 1.5.1, sha: d30fc25dbf6ba551792c66ff451b4b93c0af4bf1
✔ Collecting commits since all latest releases
❯ commit search depth: 500
❯ Set(1) { 'd30fc25dbf6ba551792c66ff451b4b93c0af4bf1' }
❯ Fetching merge commits on branch integration/v1.62-candidate with cursor: undefined
❯ Backfilling file list for commit: f524f2a6b16d3576829632ab6fa77d24b718e6f7
❯ Found 1 files
❯ Backfilling file list for commit: 5ba9453ec56f090fa9bae7e4bb25a7add32e853f
❯ Found 4 files
❯ Backfilling file list for commit: 85aed0629194be5409d3f3f8caa87cea8d584134
❯ Found 42 files
❯ Backfilling file list for commit: 8a3bdd60e3cddc603dce2562e90a78e61b841c3b
❯ Found 1 files
❯ Backfilling file list for commit: 354fe92a46248594aec2cb9f3609bf943f418c04
❯ Found 1 files
❯ Backfilling file list for commit: 8747501748f07b0567d01b3ecf859975b2779682
❯ Found 2 files
❯ Backfilling file list for commit: 8578351c24fef4c61f15873e2787f7f5ee3fcfe0
❯ Found 3 files
❯ Backfilling file list for commit: 6982e385050ea125fe4b766d81a0767cd97d1560
❯ Found 1 files
❯ Backfilling file list for commit: 7a498f52b20737f025a6b037a7c148d92bb85e44
❯ Found 8 files
❯ Backfilling file list for commit: 52f5c1f42d59e0f82599fdf032292f5fbed14d4a
❯ Found 1 files
❯ Fetching merge commits on branch integration/v1.62-candidate with cursor: f524f2a6b16d3576829632ab6fa77d24b718e6f7 9
❯ Backfilling file list for commit: 766a6acca31bae63dc97eabee8377c41373bac25
❯ Found 1 files
❯ Backfilling file list for commit: dc8df1068ccb07d114771d4a4987bcec11208dbb
❯ Found 1 files
❯ Backfilling file list for commit: 58e461e9f4ee022c79936bbe49d9d137f4fdde07
❯ Found 2 files
❯ Backfilling file list for commit: 030a3c6ea10cc729a9e7a8744e72ab3f839d8e59
❯ Found 2 files
❯ Backfilling file list for commit: 33b6bcdadb9bb94b5c0f760104f67fc30e376723
❯ Found 1 files
❯ Backfilling file list for commit: 3ffe81bdec5c3b30118c830bea8517a6d3e079eb
❯ Found 2 files
❯ Backfilling file list for commit: 3b0a847908db0347c9928f1616152334079b6a41
❯ Found 2 files
❯ Backfilling file list for commit: fb05725155ea7162a62074a3631356e2182153a7
❯ Found 1 files
❯ Backfilling file list for commit: 02c9b9fe5eb9737ce4136c15ec9c4187c5bc5855
❯ Found 1 files
❯ Backfilling file list for commit: 1f48b5ad6f25b109faa960e13cc6f937253d66cd
❯ Found 2 files
❯ Fetching merge commits on branch integration/v1.62-candidate with cursor: f524f2a6b16d3576829632ab6fa77d24b718e6f7 19
❯ Backfilling file list for commit: 8f1ca293b822fbfa1d9562bbef82d5dedfa60b42
❯ Found 1 files
❯ Backfilling file list for commit: a5a740343b3887181d2653df4f81cc027916a93f
❯ Found 1 files
❯ Backfilling file list for commit: 1235100e8d7e7fabc9f02cf2a298598cd38ca6a4
❯ Found 1 files
❯ Backfilling file list for commit: da5d3dbfa660a26f12c12965399c89d7a488be89
❯ Found 6 files
❯ Backfilling file list for commit: 12dbb7d090f00a88cd839a3a9d8b9996d6ebfb7d
❯ Found 1 files
❯ Backfilling file list for commit: 1ee35a73116056d2ca0fffdbb45ecdf2eaef63b2
❯ Found 2 files
❯ Backfilling file list for commit: 7978cd437f35edef7d4397d1716ed109171790e6
❯ Found 1 files
❯ Backfilling file list for commit: 145e71ab8ac9c4dd6f41ae026d7ec89abc1bdd74
❯ Found 1 files
❯ Backfilling file list for commit: 7dec98875b8bbd1ded449932ac1aba53eb1c2a63
❯ Found 2 files
❯ Backfilling file list for commit: a28bc9b748a971071d46bc5ea9a13deb6e1f94e8
❯ Found 3 files
❯ Fetching merge commits on branch integration/v1.62-candidate with cursor: f524f2a6b16d3576829632ab6fa77d24b718e6f7 29
❯ Backfilling file list for commit: 2d9d8f4749064cab38cfc68246f2370d025c0cc4
❯ Found 3 files
❯ Backfilling file list for commit: d059a0e4e3292df5d160f63cf96f1ea599a54fc0
❯ Found 5 files
❯ Backfilling file list for commit: e311e48f52cc935de9dbf1f4ad302a084e100048
❯ Found 6 files
❯ Backfilling file list for commit: a775b7259bca47ba2bd177c64f1f48c79d8c8b2b
❯ Found 5 files
❯ Backfilling file list for commit: 615da4c2d01599be92682462d791a44f768e3f89
❯ Found 1 files
❯ Backfilling file list for commit: 0c503e997b5634bbc7e4a4ce9a9633791b3bcb0e
❯ Found 1 files
❯ Backfilling file list for commit: faa59d04a26dee533479cc42ae8a94ef2ccfd66a
❯ Found 1 files
❯ Backfilling file list for commit: 6e1dbf8ee05fe7242785952c0a5774890a6fb103
❯ Found 5 files
❯ Backfilling file list for commit: 5c1eabe02148c422d97aa046869d562c4e99ccc3
❯ Found 1 files
❯ Backfilling file list for commit: ecd61837e7116713f2ac96d2f0245432fe2ff774
❯ Found 1 files
❯ Fetching merge commits on branch integration/v1.62-candidate with cursor: f524f2a6b16d3576829632ab6fa77d24b718e6f7 39
❯ Backfilling file list for commit: f8103f72a58050770d19b00c9d2b23ffe4f19214
❯ Found 1 files
❯ Backfilling file list for commit: 98e5fbdfcdb94677e2c6d3847688267473ac347b
❯ Found 1 files
❯ Backfilling file list for commit: d282e1f1f8ec7fe7101f9d292925832963733378
❯ Found 2 files
❯ Backfilling file list for commit: 99a23b875667558e794ae515845b2dcdc64831d7
❯ Found 2 files
❯ Backfilling file list for commit: 04e18145b4c36e03bdd2cd0b1d8b84c10a4baf3b
❯ Found 4 files
❯ Backfilling file list for commit: 32d103c385d9afe0bc669c3278a9de47f1f7f45a
❯ Found 1 files
❯ Backfilling file list for commit: 3614e7a34341d832037d0b02595eedfdd6363518
❯ Found 1 files
❯ Backfilling file list for commit: bbcb34de6383e6dc65df905d50119f9088f3143c
❯ Found 2 files
❯ Backfilling file list for commit: 73d2a5141d5788ad78f9a1da95b96f8e944b4a9d
❯ Found 1 files
❯ Backfilling file list for commit: 6c39934433a243d40f9da0bd30854069e561445b
❯ Found 6 files
❯ Fetching merge commits on branch integration/v1.62-candidate with cursor: f524f2a6b16d3576829632ab6fa77d24b718e6f7 49
❯ Backfilling file list for commit: 8b248d9cec6531e124b2d05ea796e8a0aa904c93
❯ Found 2 files
❯ Backfilling file list for commit: 939af6d3ae07d17601170795259f7d8eb20ea2cf
❯ Found 2 files
❯ Backfilling file list for commit: 38dbe9059dd0dd7738436b32e8310b5b9a1dcb43
❯ Found 1 files
❯ Backfilling file list for commit: 92f6eb12c0f09e54085986de72499de02f9abef8
❯ Found 3 files
❯ Backfilling file list for commit: f135191f366da38ed2bad6e8dd6d132dc8908cd0
❯ Found 1 files
❯ Backfilling file list for commit: f24c24ec3a102c15fe2eb9dc167945b2c612599a
❯ Found 2 files
❯ Backfilling file list for commit: 3b2fcca8c9606a8d788470eab9722651eb61903d
❯ Found 8 files
❯ Backfilling file list for commit: 56232b9bba5d2dbdd3d30851ebc88facddfb65c3
❯ Found 1 files
❯ Backfilling file list for commit: a71674827c8ee9ac6146076e9cbe0bdc385b8cf5
❯ Found 2 files
❯ Backfilling file list for commit: cdd9d47a5dcbf3f24b1b7515ac92467e056e79a9
❯ Found 3 files
❯ Fetching merge commits on branch integration/v1.62-candidate with cursor: f524f2a6b16d3576829632ab6fa77d24b718e6f7 59
❯ Backfilling file list for commit: f4ee66dd23796fb10ae88f5049b293a1e195198d
❯ Found 2 files
❯ Backfilling file list for commit: 3e052cae82f824fb3aee251e61739533987a3024
❯ Found 1 files
❯ Backfilling file list for commit: 6222c90fc09c9c4af87e1713cf68748e029ee2b5
❯ Found 2 files
❯ Backfilling file list for commit: da8314ea36d29306d99c837248d9b0e4fa14f3f6
❯ Found 7 files
❯ Backfilling file list for commit: e03231c20b66c99ada9b4940700594e6e201d6de
❯ Found 1 files
❯ Backfilling file list for commit: 1d0561590a66adfece3510082aae9ad7f2854246
❯ Found 1 files
❯ Backfilling file list for commit: b85fa817f971f44c2e892f0842475da9229a4f8d
❯ Found 1 files
❯ Backfilling file list for commit: 361919f8561b5c3ded9bfd9dc0c9164f95b58005
❯ Found 1 files
❯ Backfilling file list for commit: c6677152dfd4666723f0d2413ab3a084bcaebdc0
❯ Found 1 files
❯ Backfilling file list for commit: ddd9a13711dc5041b0e0491980dc8ab2e86b8245
❯ Found 2 files
❯ Fetching merge commits on branch integration/v1.62-candidate with cursor: f524f2a6b16d3576829632ab6fa77d24b718e6f7 69
❯ Backfilling file list for commit: 024eaeca37105a8c17f3db94d01bfa25e57428ff
❯ Found 2 files
❯ Backfilling file list for commit: b604511111c70eb7570447f423eaab4532d12fee
❯ Found 1 files
❯ Backfilling file list for commit: 3007fffd33b7bc41006ec38647322fa20f06120c
❯ Found 1 files
❯ Backfilling file list for commit: 51dcddf651fe65a1dffc882550c3adc1387a0dd2
❯ Found 1 files
❯ Backfilling file list for commit: 8d2b4da11d623e335bf1a18593a224f2872487b6
❯ Found 1 files
❯ Backfilling file list for commit: d95ef20dcc1d8c3bfdc6af670f7ef878df64fb5c
❯ Found 1 files
❯ Backfilling file list for commit: bbc3212a7cdbee1c71e1b73528240959fd5b453c
❯ Found 1 files
❯ Backfilling file list for commit: c72c380c9ccfb5c92c9c2d0275623edf75478c6f
❯ Found 1 files
❯ Backfilling file list for commit: 165f5c57675f28de2ee9b82df53ce9dbc040ed4e
❯ Found 1 files
❯ Backfilling file list for commit: 011ec3bd1d892f29c435ab31099c08ac1e1f2233
❯ Found 1 files
❯ Fetching merge commits on branch integration/v1.62-candidate with cursor: f524f2a6b16d3576829632ab6fa77d24b718e6f7 79
❯ Backfilling file list for commit: cd58a48dece4c42e14e28c2902e3c1f00587ff47
❯ Found 1 files
❯ Backfilling file list for commit: afddc87c5245bd1abb97dcac735aef0a2938bdf5
❯ Found 3 files
❯ Backfilling file list for commit: 5653216c6f5d012eaef71f48a8ffb746c1aee8c3
❯ Found 2 files
❯ Backfilling file list for commit: 173607d9e59b249a2e61ce8fd1d517018c36b1cd
❯ Found 1 files
❯ Backfilling file list for commit: 9eae363a8af44896cba76e7850b220ac5caec0f5
❯ Found 6 files
❯ Backfilling file list for commit: 2de4389b44f03c512fdc06a23b0ee75156d34314
❯ Found 2 files
❯ Backfilling file list for commit: 20f6695f1453363845168316f3162dbc011e6676
❯ Found 2 files
❯ Backfilling file list for commit: 791542784a78bdca6b97b9d1c58ab9dd023753f8
❯ Found 1 files
❯ Backfilling file list for commit: 7dcf5e0f0c00a1afab947b6e2471d46f7cb9b766
❯ Found 1 files
❯ Backfilling file list for commit: 11c7a5806635cf600e57df4dae3df4ae5e398f7e
❯ Found 1 files
❯ Fetching merge commits on branch integration/v1.62-candidate with cursor: f524f2a6b16d3576829632ab6fa77d24b718e6f7 89
❯ Backfilling file list for commit: da1f8f9c41822f9ebf8619d99937ce356c0f53dd
❯ Found 1 files
❯ Backfilling file list for commit: 15e07d1a6d85113e5c01f620660e4c0157b7cc5f
❯ Found 1 files
❯ Backfilling file list for commit: b276f106eac2c05966f24e31ab111f5c9d44c03d
❯ Found 1 files
❯ Backfilling file list for commit: 7166dd5d1f841bf81543a0f65349abba08f94139
❯ Found 1 files
❯ Backfilling file list for commit: 2a29b4c22c39749c2ebd37c14ee0ea4f342fe05f
❯ Found 1 files
❯ Backfilling file list for commit: 833e52bc3f8eaef094e6f216b8c9a1f98177daf6
❯ Found 1 files
❯ Backfilling file list for commit: 95ecba3602fd53cd68987649c94392e4dbd70f42
❯ Found 1 files
❯ Backfilling file list for commit: 932636de720d6ab0dae96efdefc0bfceba795b9a
❯ Found 1 files
❯ Backfilling file list for commit: fdac8b29b645cff980532861fa9911f862e15c29
❯ Found 3 files
❯ Backfilling file list for commit: f90c0d7565189d5fb21ef86c7421879f1b8ac7d0
❯ Found 1 files
❯ Fetching merge commits on branch integration/v1.62-candidate with cursor: f524f2a6b16d3576829632ab6fa77d24b718e6f7 99
❯ Backfilling file list for commit: a322743ac0b75620d1a16d36dadc47bca08f08fe
❯ Found 1 files
❯ Backfilling file list for commit: 8926ac312c4b10dd9051d3f0d85a24365f1a080a
❯ Found 1 files
❯ Backfilling file list for commit: 828f9fe0ac7f020a62e267b38dd71ba94d3a2f11
❯ Found 1 files
❯ Backfilling file list for commit: 4c0beb0c26efee40811a52c8ce9abb217164e29d
❯ Found 3 files
❯ Backfilling file list for commit: 9ce20002331043278a56e79df644a7b24566cc96
❯ Found 3 files
❯ Backfilling file list for commit: 827a6c7225be59592efacfa2fb6f8791a817d9e0
❯ Found 2 files
❯ Backfilling file list for commit: bd7e31703f15edbededbc6174bc6924f90b7e6eb
❯ Found 1 files
❯ Backfilling file list for commit: 7711dbe09066bd255b172fcc881e9d095c7cfb1e
❯ Found 1 files
❯ Backfilling file list for commit: ed6286a0f60b9665a2f5fc0eb0bd201b3a08fced
❯ Found 6 files
❯ Backfilling file list for commit: 3189a3d814b4951f3e2a02c7ab72507aa36d8db7
❯ Found 1 files
❯ Fetching merge commits on branch integration/v1.62-candidate with cursor: f524f2a6b16d3576829632ab6fa77d24b718e6f7 109
❯ Backfilling file list for commit: 93ae7b98437b635b6b68b6dc5295d83ded658ae0
❯ Found 1 files
❯ Backfilling file list for commit: 3882b12442f3ec985b6404e2fd43bf3934c09d31
❯ Found 1 files
❯ Backfilling file list for commit: 4de2b1637eb50bcd3bda7ab2e018e03c0459573d
❯ Found 1 files
❯ Backfilling file list for commit: fa349f2c45aaa02f3a1af60f72d9cc253f1fc12d
❯ Found 1 files
❯ Backfilling file list for commit: f9dbb71921a7cfe8e70c9d35fa2c13df10562685
❯ Found 1 files
❯ Backfilling file list for commit: 8aee3961b0b55ce4d42788080f779a5f3b2a8770
❯ Found 3 files
❯ Backfilling file list for commit: 8ee1cf1533328ad5b0e7b513f68b290afd8f26d7
❯ Found 4 files
❯ Backfilling file list for commit: b48c7d8af5c0a686c98572834863e5e51530219f
❯ Found 1 files
❯ Backfilling file list for commit: d38e2be66617aa8309b6186acf16c36fd9ba7376
❯ Found 2 files
❯ Backfilling file list for commit: 5b853aa261252b54de93060075e7c155ea2f99d0
❯ Found 1 files
❯ Fetching merge commits on branch integration/v1.62-candidate with cursor: f524f2a6b16d3576829632ab6fa77d24b718e6f7 119
❯ Backfilling file list for commit: 58259b7ade3f2ef23d54f28e16342e19f3702606
❯ Found 2 files
❯ Backfilling file list for commit: 0117e72084561f76c69f8b5e3407b16b458e4802
❯ Found 2 files
❯ Backfilling file list for commit: 047988b90925c48b2f2ada3585ce01db3bbb28a2
❯ Found 1 files
❯ Backfilling file list for commit: 996e5435f42a619d085725508c7d884c93745734
❯ Found 1 files
❯ Backfilling file list for commit: 7f4fa20ac032e955d22cc377fa595c1b9710c4a5
❯ Found 1 files
❯ Backfilling file list for commit: 7c149fd02bc6dc7f38b39bee1e557fe5245b6df8
❯ Found 2 files
❯ Backfilling file list for commit: 4e11409b3089ce0b0a225606c5a42a9dbf93da55
❯ Found 1 files
❯ Backfilling file list for commit: afb39a95d2b7a76d8ea5ef3927a82b055ccf43a2
❯ Found 1 files
❯ Backfilling file list for commit: 406a7cc792f3d22a313967d73f38d93e4539fc51
❯ Found 1 files
❯ Backfilling file list for commit: 97d821aec482f30cc96280aaf64bcc60a4a7091a
❯ Found 1 files
❯ Fetching merge commits on branch integration/v1.62-candidate with cursor: f524f2a6b16d3576829632ab6fa77d24b718e6f7 129
❯ Backfilling file list for commit: 7fd402d7ea98b33d87a5b82f2a938225b040a523
❯ Found 2 files
❯ Backfilling file list for commit: c975df81fe90334d08a2f99006fe964701c825e8
❯ Found 2 files
❯ Backfilling file list for commit: 76b988529f868def735cd7e7642a685ae6f5b2af
❯ Found 1 files
❯ Backfilling file list for commit: fd90cfdda5dd28941ab7c58fc05eb57e8b3174a7
❯ Found 1 files
❯ Backfilling file list for commit: 22c5cb7f11129fe2bdb34c083249ac6a0db72c86
❯ Found 1 files
❯ Backfilling file list for commit: 96da9f282e5115f5ecd29ba2c54829d757a38f2c
❯ Found 2 files
❯ Backfilling file list for commit: 5ac97be4f3c92b12f51e494f83fe461c35ab1053
❯ Found 1 files
❯ Backfilling file list for commit: 9ecaa1a778a868353d5309ddfd6dcd57f00b3440
❯ Found 1 files
❯ Backfilling file list for commit: 6f3f6d5a238a626eac9147661ce047715baad558
❯ Found 1 files
❯ Backfilling file list for commit: 9a6c5ed0cd655cfef228000c587a70da2a631640
❯ Found 1 files
❯ Fetching merge commits on branch integration/v1.62-candidate with cursor: f524f2a6b16d3576829632ab6fa77d24b718e6f7 139
❯ Backfilling file list for commit: 724cdadddf3f648ec88fd1e4383822078dd1aae9
❯ Found 6 files
❯ Backfilling file list for commit: 4dcb9f3ae0d681957f175809679c0ac78191751c
❯ Found 1 files
❯ Backfilling file list for commit: 027c2193944e9b33e766c415ca5555fa3f5bd3f9
❯ Found 1 files
❯ Backfilling file list for commit: ee717a8ce5dda623447152287b7c7217d86e5aee
❯ Found 1 files
❯ Backfilling file list for commit: 7adee13f37509e6d7218b862014ef12cbb755912
❯ Found 1 files
❯ Backfilling file list for commit: 31352b5889fd28a0abf0c91742cb0c7aafc4f488
❯ Found 1 files
❯ Backfilling file list for commit: aa3aba932810195675ed8fe47df662875e0c080d
❯ Found 2 files
❯ Backfilling file list for commit: 8a99dc89c705fd55831f156244fb29ded75b6b35
❯ Found 0 files
❯ Backfilling file list for commit: 207c0f2ed04cb003c845fdd107c1300ed986cd69
❯ Found 3 files
❯ Backfilling file list for commit: dbbe2d07152bae7e81c71d39dc8711b5b4885110
❯ Found 2 files
❯ Fetching merge commits on branch integration/v1.62-candidate with cursor: f524f2a6b16d3576829632ab6fa77d24b718e6f7 149
❯ Backfilling file list for commit: 1e8f0c118950f37dc7659fb5d638198b8111cee8
❯ Found 2 files
❯ Backfilling file list for commit: fa9bf7c178d7c0af3dccaeaea2757f75fcabad5c
❯ Found 1 files
❯ Backfilling file list for commit: aaa7f0d3453cd1b91f2ef15aef87e57eebf4415d
❯ Found 1 files
❯ Backfilling file list for commit: 53450baf8404f09bb9e73c8583fda1396392bbc1
❯ Found 1 files
❯ Backfilling file list for commit: ab005276ee882d788681ce0cf6dccaca6724e725
❯ Found 2 files
❯ Backfilling file list for commit: 7975d66e7f67b014be83c486ec0a80a0844c41e4
❯ Found 2 files
❯ Backfilling file list for commit: d69400a314a111fae840541969561481faddecfa
❯ Found 1 files
❯ Backfilling file list for commit: 8b879dcc05b4ad83c902fff8b873057574c11bb7
❯ Found 2 files
❯ Backfilling file list for commit: ee8bf7978a58a36de45d9664189438083d3c2f77
❯ Found 1 files
❯ Backfilling file list for commit: 72fad3fa8b27dc607bfcee63f922e5ac6128e3e8
❯ Found 2 files
❯ Fetching merge commits on branch integration/v1.62-candidate with cursor: f524f2a6b16d3576829632ab6fa77d24b718e6f7 159
❯ Backfilling file list for commit: 610551ca455ccf1ae05c2e1167d6c2e8c9d59968
❯ Found 1 files
❯ Backfilling file list for commit: a3254a9d48b955776f91041f96da3be411dacfc6
❯ Found 1 files
❯ Backfilling file list for commit: 600d46aa826901ff51becc2b664ffc46378694fb
❯ Found 1 files
❯ Backfilling file list for commit: 6e4845b33507ee041a8b29d0557c3c9cb9ec5d6e
❯ Found 1 files
❯ Backfilling file list for commit: a2fe668cd6dfb5e10f8b72f92b8eeee0bdfc7e43
❯ Found 2 files
❯ Backfilling file list for commit: dba4d2be6f113cf93e124e51ca76259494dfb07b
❯ Found 1 files
❯ Backfilling file list for commit: 367a0309956ba8146ec4dc064519a9ffb6b60dba
❯ Found 1 files
❯ Backfilling file list for commit: 31bd0691466b7e32aeb5a84902ef7b4d070887b8
❯ Found 1 files
❯ Backfilling file list for commit: c6761f6919f6f34ae109139ea5368e9d702e4221
❯ Found 1 files
❯ Backfilling file list for commit: 47cfff585d6339b36e823a5462b36ce25c70356e
❯ Found 7 files
❯ Fetching merge commits on branch integration/v1.62-candidate with cursor: f524f2a6b16d3576829632ab6fa77d24b718e6f7 169
❯ Backfilling file list for commit: c27445b689892769ce69e048a146779f46179944
❯ Found 1 files
❯ Backfilling file list for commit: 4a8419836c20fdae8f0e523e6b6144c4208e9253
❯ Found 1 files
❯ Backfilling file list for commit: 4fb3271cf9bed3581f70476a20fb4bdbd9002b48
❯ Found 1 files
❯ Backfilling file list for commit: 0ab5f88ad109c56cc57dac7cec3998dc85879231
❯ Found 8 files
❯ Backfilling file list for commit: 4ef0ccd93aec43014f9e701f92c03e14546ddd8d
❯ Found 7 files
❯ Backfilling file list for commit: 06e28c50dc7301547745da4ce1f0be3770ed6d97
❯ Found 1 files
❯ Backfilling file list for commit: bbc7570c1fc1848ac9df0a20648b76e50b57c12d
❯ Found 2 files
❯ Backfilling file list for commit: ed1ff4d9c5a5a34fd9ec6f4dd2f5831768e3ac2d
❯ Found 2 files
❯ Backfilling file list for commit: 6d7cce6305318f0b852b2605b13e2bbe71815685
❯ Found 1 files
❯ Backfilling file list for commit: 024063f1200854af98835c0b97dcb783c3799915
❯ Found 5 files
❯ Fetching merge commits on branch integration/v1.62-candidate with cursor: f524f2a6b16d3576829632ab6fa77d24b718e6f7 179
❯ Backfilling file list for commit: f40f9a92637446da8a1fe8b58f0004b77f33e3d7
❯ Found 2 files
❯ Backfilling file list for commit: 215ff3afc67e7a3610eaa227c25eb8478cb1b402
❯ Found 1 files
❯ Backfilling file list for commit: f9c07a32b4bcd0b5336cf422a6c7e8bfd5f0e583
❯ Found 1 files
❯ Backfilling file list for commit: be205c7c83f32efd6d7249d7eff3df45809cf6ec
❯ Found 1 files
❯ Backfilling file list for commit: 0b677b86eeba91287d21104f0a27e5543522ee7c
❯ Found 1 files
❯ Backfilling file list for commit: b9bf6cfe8a75ce0016fc336347d752b2d8e1f7b5
❯ Found 3 files
❯ Backfilling file list for commit: d56ce7c047ee4a136b96ca7d7f9d63fdc9eb6cde
❯ Found 2 files
❯ Backfilling file list for commit: 450430f5b30d63e0e49942af998a8f8acd77f915
❯ Found 1 files
❯ Backfilling file list for commit: 9841bbf2dc85a36a648688e65da2439919fe23cb
❯ Found 2 files
❯ Backfilling file list for commit: a583d6fed64b2e4da4b5129f781aafa90b7e4f95
❯ Found 1 files
❯ Fetching merge commits on branch integration/v1.62-candidate with cursor: f524f2a6b16d3576829632ab6fa77d24b718e6f7 189
❯ Backfilling file list for commit: 1299128ee8a2e57df338cf3cfc4f46f3154b8ce3
❯ Found 1 files
❯ Backfilling file list for commit: 1b27060817470cfed8080115dd05252c7ab8b075
❯ Found 1 files
❯ Backfilling file list for commit: 38ff72ba2f8c34f15f68a0c45164d7a36c80438f
❯ Found 2 files
❯ Backfilling file list for commit: 41785411f7134e305837bc3c61bf3470dc9ebb33
❯ Found 1 files
❯ Backfilling file list for commit: 8ba7b9e330996636c797870c6d8c84c8204f0e28
❯ Found 1 files
❯ Backfilling file list for commit: c0873687fca510c81c3682a57369955d47499b7b
❯ Found 2 files
❯ Backfilling file list for commit: 13eac245f24e0aa3fdf557602075e310226bbc23
❯ Found 1 files
❯ Backfilling file list for commit: 41326d2e41f6a4a9ad45bf440285956de4dff73e
❯ Found 2 files
❯ Backfilling file list for commit: dc4f6b91742136bcd8816651595eb80814f3f3c5
❯ Found 4 files
❯ Backfilling file list for commit: f55985c7d9246b985a67e2f34e4df3096370ee07
❯ Found 1 files
❯ Fetching merge commits on branch integration/v1.62-candidate with cursor: f524f2a6b16d3576829632ab6fa77d24b718e6f7 199
❯ Backfilling file list for commit: 8df708ddbd8b2fe5d3acd467767db24efdc0fe1d
❯ Found 3 files
❯ Backfilling file list for commit: c066b44ba935948b2cbf266a68a666f7bc48befc
❯ Found 4 files
❯ Backfilling file list for commit: 410db3bf453f7bb723aa41fc9f52c7c7bab2d9a6
❯ Found 1 files
❯ Backfilling file list for commit: e2a0365e5a1c25763d8c396e09a47ccdf761b786
❯ Found 1 files
❯ Backfilling file list for commit: 1e5e434c056dab0638c1a77d306009493b448344
❯ Found 2 files
❯ Backfilling file list for commit: 150aaacaf116c7d2a45defb3bcb30ffa7bc7be55
❯ Found 3 files
❯ Backfilling file list for commit: 6281a972fe9a973c076dd1f90768b3391174413f
❯ Found 1 files
❯ Backfilling file list for commit: f7889d9955251b447c409cb3b1af360c8632f6f2
❯ Found 2 files
❯ Backfilling file list for commit: 57c61a9a48f1ae84f7b3c3f45333eb6e5fb7261c
❯ Found 1 files
❯ Backfilling file list for commit: 7cc501a33ac2d808b3fee9857e72a8c7eabd94e6
❯ Found 2 files
❯ Fetching merge commits on branch integration/v1.62-candidate with cursor: f524f2a6b16d3576829632ab6fa77d24b718e6f7 209
❯ Backfilling file list for commit: 9e090eb5c6f3f384d5abe5e149cf5485dc120f9a
❯ Found 2 files
❯ Backfilling file list for commit: 8a95fbe8109cf22efac4763f3d209e2e1b1aeba9
❯ Found 10 files
❯ Backfilling file list for commit: b2f5961077ad0982dd1cfee1c807108a9710a9cb
❯ Found 1 files
❯ Backfilling file list for commit: e3b06794e4dc0d36deb5fc7cb94cbb0b3207d6d9
❯ Found 1 files
❯ Backfilling file list for commit: 65a8a616931f2f87dc47441398ed1d2a38b80083
❯ Found 1 files
❯ Backfilling file list for commit: 861f181806b0b3a9f1a7861fe673b718124f6b0d
❯ Found 1 files
❯ Backfilling file list for commit: c078cd5a41171c7db44f10b876049ed85e8b4f34
❯ Found 110 files
❯ Backfilling file list for commit: 8481b831b9281a486157b1c538e95cc8524809c0
❯ Found 7 files
❯ Backfilling file list for commit: 906e06713a0facae8b14565854548eac98447b19
❯ Found 3 files
❯ Backfilling file list for commit: e74290871b12a5e772f9985731695f7ea0804b75
❯ Found 1 files
❯ Fetching merge commits on branch integration/v1.62-candidate with cursor: f524f2a6b16d3576829632ab6fa77d24b718e6f7 219
❯ Backfilling file list for commit: 3e16ec56d7ec2d0cbde9b0988f3e4534d727c93f
❯ Found 1 files
❯ Backfilling file list for commit: 0e5378faabbe98dcded89e88fb2851934ba26916
❯ Found 1 files
❯ Backfilling file list for commit: 44a825a2c028d5c805ae699dc7e1c2e3b268d48c
❯ Found 1 files
❯ Backfilling file list for commit: 1d909ada4b43a68b36d8b4e7548da4f249a4ee15
❯ Found 4 files
❯ Backfilling file list for commit: ed4aaa887f61c11d1dd83735d5f773eb16dd6d8c
❯ Found 1 files
❯ Backfilling file list for commit: 6ee7e985f01eecab4e3824f981ba88214434df05
❯ Found 2 files
❯ Backfilling file list for commit: 9bd7e4f65fc09a638478bf62917b60ad6928bdf7
❯ Found 3 files
❯ Backfilling file list for commit: 3e9d6cbc2affe13ef932a0ef7d1390babec4a8c9
❯ Found 7 files
❯ Backfilling file list for commit: 87e0ebf512bce76208140017eba20ecc83688ba0
❯ Found 42 files
❯ Backfilling file list for commit: 4570ef1da7e50105ee54d2fab7f549041bf08028
❯ Found 5 files
❯ Fetching merge commits on branch integration/v1.62-candidate with cursor: f524f2a6b16d3576829632ab6fa77d24b718e6f7 229
❯ Backfilling file list for commit: ce973014829e6b7cba9f035d4c1f334593058f9e
❯ Found 2 files
❯ Backfilling file list for commit: 7345b91a138f9493d8657881400648221e0581f8
❯ Found 1 files
❯ Backfilling file list for commit: e1b3c204893fdf7e8917684a9a2b9fb6a4b92b5e
❯ Found 1 files
❯ Backfilling file list for commit: 59678e0c66b8c626859d3ad4ee4286e3c4fd9235
❯ Found 1 files
❯ Backfilling file list for commit: 60c8d2410c41fc36c55329ca08da581713e27c5b
❯ Found 2 files
❯ Backfilling file list for commit: 28ade91378a49c821bae8b33523b642c0b4fa1c2
❯ Found 2 files
❯ Backfilling file list for commit: 42dd4c29449967888106168987bd2f2c2d740901
❯ Found 2 files
❯ Backfilling file list for commit: d07fcc08753e427b39b64bbd95ea5b8e110614cf
❯ Found 1 files
❯ Backfilling file list for commit: 51b1aff912b79563cb1d4a3e5a6462bdc4098f20
❯ Found 2 files
❯ Backfilling file list for commit: 0685f66c8cb080643e8f8bbb1fcd4a3741b5e336
❯ Found 2 files
❯ Fetching merge commits on branch integration/v1.62-candidate with cursor: f524f2a6b16d3576829632ab6fa77d24b718e6f7 239
❯ Backfilling file list for commit: 7a3108d7f4ca6da6b438a2cbdd8af1f85f88007a
❯ Found 2 files
❯ Backfilling file list for commit: 0d98f271a3605fdd06b477c6e08f693a67687f13
❯ Found 2 files
❯ Backfilling file list for commit: 2b09ab4752a9320218a941a6ee4231f9da6461ac
❯ Found 1 files
❯ Backfilling file list for commit: 770bc7e90163763f3a8c4b06feb313c480f8cd49
❯ Found 1 files
❯ Backfilling file list for commit: 608ef05673c7d6e7a68cf0b0106e29886133ba61
❯ Found 3 files
❯ Backfilling file list for commit: e370e1fe563f6b1b66f7b83061d9c035dd6244ce
❯ Found 3 files
❯ Backfilling file list for commit: 9c97353c32ffb1d08a0c7a2d8b0beb49f59500bb
❯ Found 1 files
❯ Backfilling file list for commit: d96539a55c67e64b9ea8fd69ea350b65c599004b
❯ Found 2 files
❯ Backfilling file list for commit: 18912734ea306dd76e30250182e9282e42cf9b13
❯ Found 1 files
❯ Backfilling file list for commit: 660bcddcf3a2d28ea3def358b5d6fe84b0dbee0c
❯ Found 1 files
❯ Fetching merge commits on branch integration/v1.62-candidate with cursor: f524f2a6b16d3576829632ab6fa77d24b718e6f7 249
❯ Backfilling file list for commit: db627041c9bac98520086c3a57a966ece5649913
❯ Found 2 files
❯ Backfilling file list for commit: e60781d042c3be6344c2004c20513fae853098f4
❯ Found 2 files
❯ Backfilling file list for commit: 7b5798df93c6eef001fd8d2fc0e4663b937ba33d
❯ Found 3 files
❯ Backfilling file list for commit: 6e3c6b3837da3a5e79d78e47e6bfbfe3c7758bc0
❯ Found 2 files
❯ Backfilling file list for commit: 47a67332e9739438f36badbcdaf46f6578091799
❯ Found 2 files
❯ Backfilling file list for commit: 4a3fb3bcf85329d5ea527a1c1d2b214c56cf9025
❯ Found 1 files
❯ Backfilling file list for commit: 5e8cadecdb933279997989d5437812020b5bd814
❯ Found 2 files
❯ Backfilling file list for commit: 312558385a494b059abef73daf9070da61d2af28
❯ Found 2 files
❯ Backfilling file list for commit: 981ae876a62c9358eef7619217f8ade275096fa6
❯ Found 4 files
❯ Backfilling file list for commit: 709db0149151a749583690b219e815fff531de86
❯ Found 2 files
❯ Fetching merge commits on branch integration/v1.62-candidate with cursor: f524f2a6b16d3576829632ab6fa77d24b718e6f7 259
❯ Backfilling file list for commit: 8b23ab12f2d4b3be352c4c2a783e0757622dbf7a
❯ Found 2 files
❯ Backfilling file list for commit: dc8b0410d65e4599a331a4eb2fe35a7ad59cb36e
❯ Found 2 files
❯ Backfilling file list for commit: 0f29ea852ad808a6e03282f1c54893bd79e3a9ef
❯ Found 1 files
❯ Backfilling file list for commit: 70a230af641090c86e369545b0244388489f6345
❯ Found 1 files
❯ Backfilling file list for commit: 0339f14d6badaa7d901c27a62379c86b666c5d62
❯ Found 1 files
❯ Backfilling file list for commit: e40ccf59df29d1968f30bfd1dce311caea5f6a94
❯ Found 1 files
❯ Backfilling file list for commit: 1e978c843bb37ae6a7d0e34145e15feeeba51cfc
❯ Found 1 files
❯ Backfilling file list for commit: 6ebdcd5feb25235b9f577d851f96a77a6378a67c
❯ Found 3 files
❯ Backfilling file list for commit: a4130d6266d47743a68f5d3c217174d6975368ad
❯ Found 3 files
❯ Backfilling file list for commit: c4040acb0a7296454df39a46d5903c66766a35f6
❯ Found 1 files
❯ Fetching merge commits on branch integration/v1.62-candidate with cursor: f524f2a6b16d3576829632ab6fa77d24b718e6f7 269
❯ Backfilling file list for commit: 2d067223a852954996ffd363de2fb0fd5b6063a4
❯ Found 2 files
❯ Backfilling file list for commit: 13e9b11ca7a3fa43dd9a454b6cf15c595e85ac18
❯ Found 1 files
❯ Backfilling file list for commit: 21655ee92b6ac313b6ec0b15e946cceb85b8bc40
❯ Found 1 files
❯ Backfilling file list for commit: f4486499411ee220a3615e1be5bb0b0622dab790
❯ Found 1 files
❯ Backfilling file list for commit: c951f676cf554e9d86ce79b540434b95fa5b34cf
❯ Found 1 files
❯ Backfilling file list for commit: e8bbffc794f19f205d96b01eaacd715adbf3b9e0
❯ Found 1 files
❯ Backfilling file list for commit: eea514bc2c97e9351211ffa755522ada2c2c53a1
❯ Found 1 files
❯ Backfilling file list for commit: 0fac122e6dea4136628498ffdeee5b868038a320
❯ Found 4 files
❯ Backfilling file list for commit: 2b9422a5019b9c7d1e7382c1e600679106a9a36f
❯ Found 2 files
❯ Backfilling file list for commit: 7a7e56c4e98df0c1d78a2dc07d8bbf177e6f4b9c
❯ Found 2 files
❯ Fetching merge commits on branch integration/v1.62-candidate with cursor: f524f2a6b16d3576829632ab6fa77d24b718e6f7 279
❯ Backfilling file list for commit: a597564d0c4e0fbad23cb2d55417f5771577cdb8
❯ Found 3 files
❯ Backfilling file list for commit: 59d636ca2a6c60bcf82d5703eabeb0937fd05e43
❯ Found 2 files
❯ Backfilling file list for commit: ac2814fc9c2790815b191156f83b6059ccd75823
❯ Found 3 files
❯ Backfilling file list for commit: 06b0597b00d3d42ff368382fa8521ebb41c7d636
❯ Found 1 files
❯ Backfilling file list for commit: 0a4e7422193c43581af3b960890c936b76f0521f
❯ Found 2 files
❯ Backfilling file list for commit: 6b3b9b186df06106d7c074d47b74a71106cb15c9
❯ Found 4 files
❯ Backfilling file list for commit: 1bbda64e3b2dd6e6b9b6ed1281979376903346d7
❯ Found 3 files
❯ Backfilling file list for commit: f24e6013da51c169efb82dd144cf1ca8c77a05d3
❯ Found 3 files
❯ Backfilling file list for commit: 10b969189535a03e4b0f850ee7579f1cecffc83a
❯ Found 3 files
❯ Backfilling file list for commit: 389e1f3d254e5ab36f1d7e403c1bf48f4424feb4
❯ Found 2 files
❯ Fetching merge commits on branch integration/v1.62-candidate with cursor: f524f2a6b16d3576829632ab6fa77d24b718e6f7 289
❯ Backfilling file list for commit: b45dcff420f87854e4aba7e27cd9bf891b089f4a
❯ Found 2 files
❯ Backfilling file list for commit: b3f599106f670186edc1053d8e650a16b031b400
❯ Found 3 files
❯ Backfilling file list for commit: ede6f629aebb8ba96d71aa7a8bcd945b12f06126
❯ Found 6 files
❯ Backfilling file list for commit: 80079ce2a6f57a674af9cd6753304d359efc7b4a
❯ Found 1 files
❯ Backfilling file list for commit: ca6b3bc04cda4fd9793b4e9546ae3f79c324cfc0
❯ Found 3 files
❯ Backfilling file list for commit: e30bf881b94b5d75b400e9d3082150d58962bf86
❯ Found 1 files
❯ Backfilling file list for commit: 1c261733d44a0c13a1213ed4b89001dece3b7075
❯ Found 1 files
❯ Backfilling file list for commit: 66a8debc342365b89175fc960f873e33ff7881e7
❯ Found 2 files
❯ Backfilling file list for commit: 6a2f7401225a2c7bcd76acffdc1f16e054db88b1
❯ Found 5 files
❯ Backfilling file list for commit: aa519fb7f9d8d73cdb6a7329ffdbe1eb066be2b3
❯ Found 3 files
❯ Fetching merge commits on branch integration/v1.62-candidate with cursor: f524f2a6b16d3576829632ab6fa77d24b718e6f7 299
❯ Backfilling file list for commit: 0ff337e6823c22409a37e0ee5658494db8052006
❯ Found 1 files
❯ Backfilling file list for commit: 45518684f01e8cc177a910e185bb5de229bc75ca
❯ Found 1 files
❯ Backfilling file list for commit: d30fc25dbf6ba551792c66ff451b4b93c0af4bf1
❯ Found 13 files
❯ Backfilling file list for commit: ac4c73854bab31a602c536827993db4d9f7e9949
❯ Found 3 files
❯ Backfilling file list for commit: dee1c59bef218c416ce4e36c0bfa0876b5656083
❯ Found 7 files
❯ Backfilling file list for commit: 874fb8a33c163eb700d8f49a8cb026375483448b
❯ Found 1 files
❯ Backfilling file list for commit: 92728cf11e9397fbfcc1a8d4b32c24ff776100e7
❯ Found 7 files
❯ Backfilling file list for commit: 76e49347fa0d1e8fc5ec4c1a56c599ac5dce763d
❯ Found 25 files
❯ Backfilling file list for commit: dba9a75daa4c8ca1f3213dd2de43efbbde1f5dfe
❯ Found 25 files
❯ Backfilling file list for commit: 20bd5805c2e872516ea084e95017f65699963911
❯ Found 2 files
✔ Splitting 302 commits by path
✔ Found 3 group components for accrue-monorepo
❯ commit could not be parsed: 85aed0629194be5409d3f3f8caa87cea8d584134 Merge commit 'd30fc25dbf6ba551792c66ff451b4b93c0af4bf1' into recut-merge-tmp
❯ error message: Error: unexpected token ' ' at 1:6, valid tokens [(, !, :]
❯ commit could not be parsed: 9eae363a8af44896cba76e7850b220ac5caec0f5 fix(accrue): stop evaluating the build tool eagerly on the auth boot path
❯ error message: Error: unexpected token '(' at 3:43, valid tokens [)]
✔ Considering: 18 commits
❯ component: accrue
❯ pull request title pattern: undefined
❯ componentNoSpace: undefined
❯ commit could not be parsed: 85aed0629194be5409d3f3f8caa87cea8d584134 Merge commit 'd30fc25dbf6ba551792c66ff451b4b93c0af4bf1' into recut-merge-tmp
❯ error message: Error: unexpected token ' ' at 1:6, valid tokens [(, !, :]
✔ Considering: 3 commits
❯ component: accrue_admin
❯ pull request title pattern: undefined
❯ componentNoSpace: undefined
❯ commit could not be parsed: 85aed0629194be5409d3f3f8caa87cea8d584134 Merge commit 'd30fc25dbf6ba551792c66ff451b4b93c0af4bf1' into recut-merge-tmp
❯ error message: Error: unexpected token ' ' at 1:6, valid tokens [(, !, :]
✔ Considering: 2 commits
❯ component: accrue_portal
❯ pull request title pattern: undefined
❯ componentNoSpace: undefined
✔ Replacing strategy for path accrue with forced version: 1.6.0
✔ Replacing strategy for path accrue_admin with forced version: 1.6.0
✔ Replacing strategy for path accrue_portal with forced version: 1.6.0
✔ Building candidate release pull request for path: accrue
❯ type: elixir
❯ targetBranch: integration/v1.62-candidate
❯ commit could not be parsed: 85aed0629194be5409d3f3f8caa87cea8d584134 Merge commit 'd30fc25dbf6ba551792c66ff451b4b93c0af4bf1' into recut-merge-tmp
❯ error message: Error: unexpected token ' ' at 1:6, valid tokens [(, !, :]
❯ commit could not be parsed: 9eae363a8af44896cba76e7850b220ac5caec0f5 fix(accrue): stop evaluating the build tool eagerly on the auth boot path
❯ error message: Error: unexpected token '(' at 3:43, valid tokens [)]
❯ commits: 18
✔ Considering: 18 commits
⚠ Setting version for accrue from release-as configuration
❯ component: accrue
❯ pull request title pattern: undefined
❯ componentNoSpace: undefined
✔ Building candidate release pull request for path: accrue_admin
❯ type: elixir
❯ targetBranch: integration/v1.62-candidate
❯ commit could not be parsed: 85aed0629194be5409d3f3f8caa87cea8d584134 Merge commit 'd30fc25dbf6ba551792c66ff451b4b93c0af4bf1' into recut-merge-tmp
❯ error message: Error: unexpected token ' ' at 1:6, valid tokens [(, !, :]
❯ commits: 3
✔ Considering: 3 commits
⚠ Setting version for accrue_admin from release-as configuration
❯ component: accrue_admin
❯ pull request title pattern: undefined
❯ componentNoSpace: undefined
✔ Building candidate release pull request for path: accrue_portal
❯ type: elixir
❯ targetBranch: integration/v1.62-candidate
❯ commit could not be parsed: 85aed0629194be5409d3f3f8caa87cea8d584134 Merge commit 'd30fc25dbf6ba551792c66ff451b4b93c0af4bf1' into recut-merge-tmp
❯ error message: Error: unexpected token ' ' at 1:6, valid tokens [(, !, :]
❯ commits: 2
✔ Considering: 2 commits
⚠ Setting version for accrue_portal from release-as configuration
❯ component: accrue_portal
❯ pull request title pattern: undefined
❯ componentNoSpace: undefined
❯ running plugin: LinkedVersions
✔ found 3 linked-versions candidates
✔ Merging 3 pull requests
⚠ pullRequestTitlePattern miss the part of '${component}'
⚠ pullRequestTitlePattern miss the part of '${version}'
❯ running plugin: Merge
✔ Merging 1 pull requests
⚠ pullRequestTitlePattern miss the part of '${scope}'
⚠ pullRequestTitlePattern miss the part of '${component}'
⚠ pullRequestTitlePattern miss the part of '${version}'
Would open 1 pull requests
fork: false
title: chore: release integration/v1.62-candidate
branch: release-please--branches--integration/v1.62-candidate
draft: false
body: :robot: I have created a release *beep* *boop*
---


<details><summary>accrue: 1.6.0</summary>

## [1.6.0](https://github.com/szTheory/accrue/compare/accrue-v1.5.1...accrue-v1.6.0) (2026-09-16)


### Features

* **accrue:** add canonical Accrue.Env resolver ([2de4389](https://github.com/szTheory/accrue/commit/2de4389b44f03c512fdc06a23b0ee75156d34314))


### Bug Fixes

* **227:** WR-01 validate automation per task ([d07fcc0](https://github.com/szTheory/accrue/commit/d07fcc08753e427b39b64bbd95ea5b8e110614cf))
* activate live proration subscription ([6ee7e98](https://github.com/szTheory/accrue/commit/6ee7e985f01eecab4e3824f981ba88214434df05))
* align live Stripe provider contracts ([3e9d6cb](https://github.com/szTheory/accrue/commit/3e9d6cbc2affe13ef932a0ef7d1390babec4a8c9))
* finalize live Stripe payment fixtures ([9bd7e4f](https://github.com/szTheory/accrue/commit/9bd7e4f65fc09a638478bf62917b60ad6928bdf7))
* normalize typed Stripe invoice lines ([0e5378f](https://github.com/szTheory/accrue/commit/0e5378faabbe98dcded89e88fb2851934ba26916))
* pay initial live proration invoice ([ed4aaa8](https://github.com/szTheory/accrue/commit/ed4aaa887f61c11d1dd83735d5f773eb16dd6d8c))
* prove Stripe proration fidelity ([1d909ad](https://github.com/szTheory/accrue/commit/1d909ada4b43a68b36d8b4e7548da4f249a4ee15))
* resolve milestone verification gaps ([87e0ebf](https://github.com/szTheory/accrue/commit/87e0ebf512bce76208140017eba20ecc83688ba0))
* restore format and kept verifier guard ([ac2814f](https://github.com/szTheory/accrue/commit/ac2814fc9c2790815b191156f83b6059ccd75823))
* scope live proration invoice ([44a825a](https://github.com/szTheory/accrue/commit/44a825a2c028d5c805ae699dc7e1c2e3b268d48c))
</details>

<details><summary>accrue_admin: 1.6.0</summary>

## [1.6.0](https://github.com/szTheory/accrue/compare/accrue_admin-v1.5.1...accrue_admin-v1.6.0) (2026-09-16)


### Features

* **230-05:** pin toolchain and re-resolve sibling lockfiles for Decimal 3 ([5ba9453](https://github.com/szTheory/accrue/commit/5ba9453ec56f090fa9bae7e4bb25a7add32e853f))


### Bug Fixes

* resolve milestone verification gaps ([87e0ebf](https://github.com/szTheory/accrue/commit/87e0ebf512bce76208140017eba20ecc83688ba0))
</details>

<details><summary>accrue_portal: 1.6.0</summary>

## [1.6.0](https://github.com/szTheory/accrue/compare/accrue_portal-v1.5.1...accrue_portal-v1.6.0) (2026-09-16)


### Features

* **230-05:** pin toolchain and re-resolve sibling lockfiles for Decimal 3 ([5ba9453](https://github.com/szTheory/accrue/commit/5ba9453ec56f090fa9bae7e4bb25a7add32e853f))
</details>

---
This PR was generated with [Release Please](https://github.com/googleapis/release-please). See [documentation](https://github.com/googleapis/release-please#release-please).
updates: 7
❯ Fetching accrue/CHANGELOG.md from branch integration/v1.62-candidate
❯ Fetching accrue/mix.exs from branch integration/v1.62-candidate
✔ updating module attribute version from 1.5.1 to 1.6.0
❯ Fetching .release-please-manifest.json from branch integration/v1.62-candidate
❯ Fetching accrue_admin/CHANGELOG.md from branch integration/v1.62-candidate
❯ Fetching accrue_admin/mix.exs from branch integration/v1.62-candidate
✔ updating module attribute version from 1.5.1 to 1.6.0
❯ Fetching accrue_portal/CHANGELOG.md from branch integration/v1.62-candidate
❯ Fetching accrue_portal/mix.exs from branch integration/v1.62-candidate
✔ updating module attribute version from 1.5.1 to 1.6.0
  accrue/CHANGELOG.md:  [class Changelog extends DefaultUpdater]
  accrue/mix.exs:  [class ElixirMixExs extends DefaultUpdater]
  .release-please-manifest.json:  [class CompositeUpdater]
  accrue_admin/CHANGELOG.md:  [class Changelog extends DefaultUpdater]
  accrue_admin/mix.exs:  [class ElixirMixExs extends DefaultUpdater]
  accrue_portal/CHANGELOG.md:  [class Changelog extends DefaultUpdater]
  accrue_portal/mix.exs:  [class ElixirMixExs extends DefaultUpdater]
